mode: set
github.com/nuclio/nuclio/pkg/nexus/common/queue/nexus-queue-base.go:15.32,15.51 1 1
github.com/nuclio/nuclio/pkg/nexus/common/queue/nexus-queue-base.go:18.37,22.2 3 1
github.com/nuclio/nuclio/pkg/nexus/common/queue/nexus-queue-base.go:25.35,30.2 4 1
github.com/nuclio/nuclio/pkg/nexus/common/queue/nexus-queue-base.go:33.33,41.2 7 1
github.com/nuclio/nuclio/pkg/nexus/common/queue/nexus-queue-base.go:44.42,46.2 1 1
github.com/nuclio/nuclio/pkg/nexus/common/queue/nexus-queue-base.go:58.31,65.2 4 1
github.com/nuclio/nuclio/pkg/nexus/common/queue/nexus-queue-base.go:68.76,69.34 1 0
github.com/nuclio/nuclio/pkg/nexus/common/queue/nexus-queue-base.go:69.34,71.3 1 0
github.com/nuclio/nuclio/pkg/nexus/common/queue/nexus-queue-base.go:75.99,78.31 2 0
github.com/nuclio/nuclio/pkg/nexus/common/queue/nexus-queue-base.go:78.31,79.37 1 0
github.com/nuclio/nuclio/pkg/nexus/common/queue/nexus-queue-base.go:79.37,81.4 1 0
github.com/nuclio/nuclio/pkg/nexus/common/queue/nexus-queue-base.go:81.9,82.9 1 0
github.com/nuclio/nuclio/pkg/nexus/common/queue/nexus-queue-base.go:86.2,86.14 1 0
github.com/nuclio/nuclio/pkg/nexus/common/queue/nexus-queue.go:11.32,16.2 3 1
github.com/nuclio/nuclio/pkg/nexus/common/queue/nexus-queue.go:19.50,24.2 3 1
github.com/nuclio/nuclio/pkg/nexus/common/queue/nexus-queue.go:27.72,33.2 4 1
github.com/nuclio/nuclio/pkg/nexus/common/queue/nexus-queue.go:36.47,42.2 4 1
github.com/nuclio/nuclio/pkg/nexus/common/queue/nexus-queue.go:45.84,54.2 5 0
github.com/nuclio/nuclio/pkg/nexus/common/queue/nexus-queue.go:57.48,62.2 3 1
github.com/nuclio/nuclio/pkg/nexus/common/queue/nexus-queue.go:65.54,70.2 3 1
github.com/nuclio/nuclio/pkg/nexus/common/queue/nexus-queue.go:73.65,78.2 3 0
github.com/nuclio/nuclio/pkg/nexus/common/queue/nexus-queue.go:81.69,87.31 4 0
github.com/nuclio/nuclio/pkg/nexus/common/queue/nexus-queue.go:87.31,89.3 1 0
github.com/nuclio/nuclio/pkg/nexus/common/queue/nexus-queue.go:91.2,94.31 3 0
github.com/nuclio/nuclio/pkg/nexus/common/queue/nexus-queue.go:94.31,95.64 1 0
github.com/nuclio/nuclio/pkg/nexus/common/queue/nexus-queue.go:95.64,98.4 2 0
github.com/nuclio/nuclio/pkg/nexus/common/queue/nexus-queue.go:100.2,100.22 1 0
github.com/nuclio/nuclio/pkg/nexus/common/env/nexus-env-regisitry.go:23.36,25.2 1 0
github.com/nuclio/nuclio/pkg/nexus/common/env/nexus-env-regisitry.go:28.37,30.26 2 0
github.com/nuclio/nuclio/pkg/nexus/common/env/nexus-env-regisitry.go:30.26,33.3 2 0
github.com/nuclio/nuclio/pkg/nexus/common/env/nexus-env-regisitry.go:34.2,37.29 3 0
github.com/nuclio/nuclio/pkg/nexus/common/env/nexus-env-regisitry.go:37.29,40.3 2 0
github.com/nuclio/nuclio/pkg/nexus/common/env/nexus-env-regisitry.go:41.2,43.54 2 0
github.com/nuclio/nuclio/pkg/nexus/common/utils/helper-functions.go:18.41,20.2 1 1
github.com/nuclio/nuclio/pkg/nexus/common/utils/helper-functions.go:24.97,25.64 1 1
github.com/nuclio/nuclio/pkg/nexus/common/utils/helper-functions.go:25.64,27.3 1 1
github.com/nuclio/nuclio/pkg/nexus/common/utils/helper-functions.go:29.2,37.8 7 1
github.com/nuclio/nuclio/pkg/nexus/bulk/scheduler/bulk-scheduler.go:25.123,30.2 1 1
github.com/nuclio/nuclio/pkg/nexus/bulk/scheduler/bulk-scheduler.go:33.91,35.2 1 0
github.com/nuclio/nuclio/pkg/nexus/bulk/scheduler/bulk-scheduler.go:38.34,42.2 2 1
github.com/nuclio/nuclio/pkg/nexus/bulk/scheduler/bulk-scheduler.go:45.33,47.2 1 0
github.com/nuclio/nuclio/pkg/nexus/bulk/scheduler/bulk-scheduler.go:50.65,51.16 1 0
github.com/nuclio/nuclio/pkg/nexus/bulk/scheduler/bulk-scheduler.go:51.16,53.3 1 0
github.com/nuclio/nuclio/pkg/nexus/bulk/scheduler/bulk-scheduler.go:53.8,55.3 1 0
github.com/nuclio/nuclio/pkg/nexus/bulk/scheduler/bulk-scheduler.go:59.44,60.17 1 1
github.com/nuclio/nuclio/pkg/nexus/bulk/scheduler/bulk-scheduler.go:60.17,61.111 1 1
github.com/nuclio/nuclio/pkg/nexus/bulk/scheduler/bulk-scheduler.go:61.111,64.12 2 0
github.com/nuclio/nuclio/pkg/nexus/bulk/scheduler/bulk-scheduler.go:67.3,67.177 1 1
github.com/nuclio/nuclio/pkg/nexus/bulk/scheduler/bulk-scheduler.go:67.177,69.4 1 1
github.com/nuclio/nuclio/pkg/nexus/bulk/scheduler/bulk-scheduler.go:69.9,69.88 1 1
github.com/nuclio/nuclio/pkg/nexus/bulk/scheduler/bulk-scheduler.go:69.88,71.4 1 1
github.com/nuclio/nuclio/pkg/nexus/bulk/scheduler/bulk-scheduler.go:77.73,82.35 4 1
github.com/nuclio/nuclio/pkg/nexus/bulk/scheduler/bulk-scheduler.go:82.35,84.36 1 1
github.com/nuclio/nuclio/pkg/nexus/bulk/scheduler/bulk-scheduler.go:84.36,89.4 3 1
github.com/nuclio/nuclio/pkg/nexus/bulk/scheduler/bulk-scheduler.go:92.2,92.27 1 1
github.com/nuclio/nuclio/pkg/nexus/idle/scheduler/idle-scheduler.go:19.81,23.2 1 1
github.com/nuclio/nuclio/pkg/nexus/idle/scheduler/idle-scheduler.go:26.88,28.2 1 0
github.com/nuclio/nuclio/pkg/nexus/idle/scheduler/idle-scheduler.go:31.34,35.2 2 1
github.com/nuclio/nuclio/pkg/nexus/idle/scheduler/idle-scheduler.go:38.33,40.2 1 0
github.com/nuclio/nuclio/pkg/nexus/idle/scheduler/idle-scheduler.go:43.65,44.16 1 0
github.com/nuclio/nuclio/pkg/nexus/idle/scheduler/idle-scheduler.go:44.16,46.3 1 0
github.com/nuclio/nuclio/pkg/nexus/idle/scheduler/idle-scheduler.go:46.8,48.3 1 0
github.com/nuclio/nuclio/pkg/nexus/idle/scheduler/idle-scheduler.go:54.44,55.17 1 1
github.com/nuclio/nuclio/pkg/nexus/idle/scheduler/idle-scheduler.go:55.17,58.63 2 1
github.com/nuclio/nuclio/pkg/nexus/idle/scheduler/idle-scheduler.go:58.63,61.47 3 1
github.com/nuclio/nuclio/pkg/nexus/idle/scheduler/idle-scheduler.go:61.47,64.5 2 1
github.com/nuclio/nuclio/pkg/nexus/idle/scheduler/idle-scheduler.go:67.3,67.41 1 1
github.com/nuclio/nuclio/pkg/nexus/nexus/nexus-router.go:20.48,25.2 1 1
github.com/nuclio/nuclio/pkg/nexus/nexus/nexus-router.go:32.46,39.2 5 1
github.com/nuclio/nuclio/pkg/nexus/nexus/nexus-router.go:42.100,46.42 3 1
github.com/nuclio/nuclio/pkg/nexus/nexus/nexus-router.go:46.42,52.3 2 1
github.com/nuclio/nuclio/pkg/nexus/nexus/nexus-router.go:54.2,55.16 2 1
github.com/nuclio/nuclio/pkg/nexus/nexus/nexus-router.go:55.16,58.17 3 0
github.com/nuclio/nuclio/pkg/nexus/nexus/nexus-router.go:58.17,60.4 1 0
github.com/nuclio/nuclio/pkg/nexus/nexus/nexus-router.go:61.3,61.9 1 0
github.com/nuclio/nuclio/pkg/nexus/nexus/nexus-router.go:64.2,67.16 4 1
github.com/nuclio/nuclio/pkg/nexus/nexus/nexus-router.go:67.16,69.3 1 0
github.com/nuclio/nuclio/pkg/nexus/nexus/nexus-router.go:73.88,77.63 2 1
github.com/nuclio/nuclio/pkg/nexus/nexus/nexus-router.go:77.63,81.3 3 0
github.com/nuclio/nuclio/pkg/nexus/nexus/nexus-router.go:83.2,83.83 1 1
github.com/nuclio/nuclio/pkg/nexus/nexus/nexus-router.go:83.83,87.3 3 0
github.com/nuclio/nuclio/pkg/nexus/nexus/nexus-router.go:89.2,92.77 3 1
github.com/nuclio/nuclio/pkg/nexus/nexus/nexus-router.go:96.87,99.63 2 1
github.com/nuclio/nuclio/pkg/nexus/nexus/nexus-router.go:99.63,103.3 3 0
github.com/nuclio/nuclio/pkg/nexus/nexus/nexus-router.go:105.2,105.83 1 1
github.com/nuclio/nuclio/pkg/nexus/nexus/nexus-router.go:105.83,109.3 3 0
github.com/nuclio/nuclio/pkg/nexus/nexus/nexus-router.go:111.2,114.77 3 1
github.com/nuclio/nuclio/pkg/nexus/nexus/nexus-router.go:118.91,121.88 2 1
github.com/nuclio/nuclio/pkg/nexus/nexus/nexus-router.go:121.88,123.17 2 1
github.com/nuclio/nuclio/pkg/nexus/nexus/nexus-router.go:123.17,127.4 3 0
github.com/nuclio/nuclio/pkg/nexus/nexus/nexus-router.go:128.3,131.95 3 1
github.com/nuclio/nuclio/pkg/nexus/nexus/nexus-router.go:134.2,134.30 1 1
github.com/nuclio/nuclio/pkg/nexus/nexus/nexus-router.go:138.73,140.21 2 1
github.com/nuclio/nuclio/pkg/nexus/nexus/nexus-router.go:140.21,142.3 1 0
github.com/nuclio/nuclio/pkg/nexus/nexus/nexus.go:36.34,65.2 14 1
github.com/nuclio/nuclio/pkg/nexus/nexus/nexus.go:68.49,71.2 2 1
github.com/nuclio/nuclio/pkg/nexus/nexus/nexus.go:74.48,77.2 2 1
github.com/nuclio/nuclio/pkg/nexus/nexus/nexus.go:80.71,82.2 1 1
github.com/nuclio/nuclio/pkg/nexus/nexus/nexus.go:85.29,92.45 5 0
github.com/nuclio/nuclio/pkg/nexus/nexus/nexus.go:92.45,93.49 1 0
github.com/nuclio/nuclio/pkg/nexus/nexus/nexus.go:93.49,96.4 2 0
github.com/nuclio/nuclio/pkg/nexus/nexus/nexus.go:102.46,104.2 1 1
github.com/nuclio/nuclio/pkg/nexus/nexus/nexus.go:107.74,109.2 1 1
github.com/nuclio/nuclio/pkg/nexus/deadline/scheduler/deadline-scheduler.go:25.135,30.2 1 1
github.com/nuclio/nuclio/pkg/nexus/deadline/scheduler/deadline-scheduler.go:34.95,36.2 1 0
github.com/nuclio/nuclio/pkg/nexus/deadline/scheduler/deadline-scheduler.go:39.38,43.2 2 1
github.com/nuclio/nuclio/pkg/nexus/deadline/scheduler/deadline-scheduler.go:46.37,48.2 1 1
github.com/nuclio/nuclio/pkg/nexus/deadline/scheduler/deadline-scheduler.go:51.69,52.16 1 0
github.com/nuclio/nuclio/pkg/nexus/deadline/scheduler/deadline-scheduler.go:52.16,54.3 1 0
github.com/nuclio/nuclio/pkg/nexus/deadline/scheduler/deadline-scheduler.go:54.8,56.3 1 0
github.com/nuclio/nuclio/pkg/nexus/deadline/scheduler/deadline-scheduler.go:62.48,63.17 1 1
github.com/nuclio/nuclio/pkg/nexus/deadline/scheduler/deadline-scheduler.go:63.17,69.49 3 1
github.com/nuclio/nuclio/pkg/nexus/deadline/scheduler/deadline-scheduler.go:69.49,74.47 3 1
github.com/nuclio/nuclio/pkg/nexus/deadline/scheduler/deadline-scheduler.go:74.47,77.5 2 1
github.com/nuclio/nuclio/pkg/nexus/deadline/scheduler/deadline-scheduler.go:80.3,81.41 2 1
